Calculating task graph as configuration cache cannot be reused because the file system entry '.ENV' has been removed.
> Task :checkKotlinGradlePluginConfigurationErrors SKIPPED
> Task :processResources UP-TO-DATE
> Task :compileKotlin UP-TO-DATE
> Task :compileJava NO-SOURCE
> Task :classes UP-TO-DATE

> Task :run
03:16:06.644 [main] INFO Application -- Autoreload is disabled because the development mode is off.
03:16:06.655 [main] INFO Application -- Application started in 0.274 seconds.
03:16:06.685 [main] DEBUG io.netty.util.internal.logging.InternalLoggerFactory -- Using SLF4J as the default logging framework
03:16:06.723 [main] DEBUG io.netty.util.internal.PlatformDependent0 -- -Dio.netty.noUnsafe: false
03:16:06.723 [main] DEBUG io.netty.util.internal.PlatformDependent0 -- Java version: 21
03:16:06.726 [main] DEBUG io.netty.util.internal.PlatformDependent0 -- sun.misc.Unsafe.theUnsafe: available
03:16:06.726 [main] DEBUG io.netty.util.internal.PlatformDependent0 -- sun.misc.Unsafe base methods: all available
03:16:06.727 [main] DEBUG io.netty.util.internal.PlatformDependent0 -- sun.misc.Unsafe.storeFence: available
03:16:06.728 [main] DEBUG io.netty.util.internal.PlatformDependent0 -- java.nio.Buffer.address: available
03:16:06.728 [main] DEBUG io.netty.util.internal.PlatformDependent0 -- direct buffer constructor: unavailable: Reflective setAccessible(true) disabled
03:16:06.729 [main] DEBUG io.netty.util.internal.PlatformDependent0 -- java.nio.Bits.unaligned: available, true
03:16:06.730 [main] DEBUG io.netty.util.internal.PlatformDependent0 -- jdk.internal.misc.Unsafe.allocateUninitializedArray(int): unavailable: class io.netty.util.internal.PlatformDependent0$7 cannot access class jdk.internal.misc.Unsafe (in module java.base) because module java.base does not export jdk.internal.misc to unnamed module @59d4cd39
03:16:06.732 [main] DEBUG io.netty.util.internal.PlatformDependent0 -- java.nio.DirectByteBuffer.<init>(long, {int,long}): unavailable
03:16:06.732 [main] DEBUG io.netty.util.internal.PlatformDependent -- sun.misc.Unsafe: available
03:16:06.732 [main] DEBUG io.netty.util.internal.PlatformDependent -- -Dio.netty.tmpdir: /tmp (java.io.tmpdir)
03:16:06.732 [main] DEBUG io.netty.util.internal.PlatformDependent -- -Dio.netty.bitMode: 64 (sun.arch.data.model)
03:16:06.733 [main] DEBUG io.netty.util.internal.PlatformDependent -- -Dio.netty.maxDirectMemory: -1 bytes
03:16:06.734 [main] DEBUG io.netty.util.internal.PlatformDependent -- -Dio.netty.uninitializedArrayAllocationThreshold: -1
03:16:06.737 [main] DEBUG io.netty.util.internal.CleanerJava9 -- java.nio.ByteBuffer.cleaner(): available
03:16:06.737 [main] DEBUG io.netty.util.internal.PlatformDependent -- -Dio.netty.noPreferDirect: false
03:16:06.749 [main] DEBUG io.netty.util.internal.NativeLibraryLoader -- -Dio.netty.native.workdir: /tmp (io.netty.tmpdir)
03:16:06.749 [main] DEBUG io.netty.util.internal.NativeLibraryLoader -- -Dio.netty.native.deleteLibAfterLoading: true
03:16:06.749 [main] DEBUG io.netty.util.internal.NativeLibraryLoader -- -Dio.netty.native.tryPatchShadedId: true
03:16:06.749 [main] DEBUG io.netty.util.internal.NativeLibraryLoader -- -Dio.netty.native.detectNativeLibraryDuplicates: true
03:16:06.765 [main] DEBUG io.netty.channel.MultithreadEventLoopGroup -- -Dio.netty.eventLoopThreads: 8
03:16:06.773 [main] DEBUG io.netty.util.concurrent.GlobalEventExecutor -- -Dio.netty.globalEventExecutor.quietPeriodSeconds: 1
03:16:06.778 [main] DEBUG io.netty.util.internal.InternalThreadLocalMap -- -Dio.netty.threadLocalMap.stringBuilder.initialSize: 1024
03:16:06.778 [main] DEBUG io.netty.util.internal.InternalThreadLocalMap -- -Dio.netty.threadLocalMap.stringBuilder.maxSize: 4096
03:16:06.783 [main] DEBUG io.netty.channel.nio.NioEventLoop -- -Dio.netty.noKeySetOptimization: false
03:16:06.783 [main] DEBUG io.netty.channel.nio.NioEventLoop -- -Dio.netty.selectorAutoRebuildThreshold: 512
03:16:06.790 [main] DEBUG io.netty.util.internal.PlatformDependent -- org.jctools-core.MpscChunkedArrayQueue: available
03:16:06.819 [main] DEBUG io.netty.channel.DefaultChannelId -- -Dio.netty.processId: 571994 (auto-detected)
03:16:06.823 [main] DEBUG io.netty.util.NetUtil -- -Djava.net.preferIPv4Stack: false
03:16:06.823 [main] DEBUG io.netty.util.NetUtil -- -Djava.net.preferIPv6Addresses: false
03:16:06.825 [main] DEBUG io.netty.util.NetUtilInitializations -- Loopback interface: lo (lo, 0:0:0:0:0:0:0:1%lo)
03:16:06.826 [main] DEBUG io.netty.util.NetUtil -- /proc/sys/net/core/somaxconn: 4096
03:16:06.827 [main] DEBUG io.netty.channel.DefaultChannelId -- -Dio.netty.machineId: 7e:3e:f5:ff:fe:fc:5e:72 (auto-detected)
03:16:06.837 [main] DEBUG io.netty.util.ResourceLeakDetector -- -Dio.netty.leakDetection.level: simple
03:16:06.838 [main] DEBUG io.netty.util.ResourceLeakDetector -- -Dio.netty.leakDetection.targetRecords: 4
03:16:06.861 [main] DEBUG io.netty.buffer.PooledByteBufAllocator -- -Dio.netty.allocator.numHeapArenas: 8
03:16:06.861 [main] DEBUG io.netty.buffer.PooledByteBufAllocator -- -Dio.netty.allocator.numDirectArenas: 8
03:16:06.861 [main] DEBUG io.netty.buffer.PooledByteBufAllocator -- -Dio.netty.allocator.pageSize: 8192
03:16:06.861 [main] DEBUG io.netty.buffer.PooledByteBufAllocator -- -Dio.netty.allocator.maxOrder: 9
03:16:06.861 [main] DEBUG io.netty.buffer.PooledByteBufAllocator -- -Dio.netty.allocator.chunkSize: 4194304
03:16:06.861 [main] DEBUG io.netty.buffer.PooledByteBufAllocator -- -Dio.netty.allocator.smallCacheSize: 256
03:16:06.861 [main] DEBUG io.netty.buffer.PooledByteBufAllocator -- -Dio.netty.allocator.normalCacheSize: 64
03:16:06.861 [main] DEBUG io.netty.buffer.PooledByteBufAllocator -- -Dio.netty.allocator.maxCachedBufferCapacity: 32768
03:16:06.861 [main] DEBUG io.netty.buffer.PooledByteBufAllocator -- -Dio.netty.allocator.cacheTrimInterval: 8192
03:16:06.861 [main] DEBUG io.netty.buffer.PooledByteBufAllocator -- -Dio.netty.allocator.cacheTrimIntervalMillis: 0
03:16:06.861 [main] DEBUG io.netty.buffer.PooledByteBufAllocator -- -Dio.netty.allocator.useCacheForAllThreads: false
03:16:06.861 [main] DEBUG io.netty.buffer.PooledByteBufAllocator -- -Dio.netty.allocator.maxCachedByteBuffersPerChunk: 1023
03:16:06.862 [main] DEBUG io.netty.buffer.PooledByteBufAllocator -- -Dio.netty.allocator.disableCacheFinalizersForFastThreadLocalThreads: false
03:16:06.871 [main] DEBUG io.netty.buffer.ByteBufUtil -- -Dio.netty.allocator.type: pooled
03:16:06.871 [main] DEBUG io.netty.buffer.ByteBufUtil -- -Dio.netty.threadLocalDirectBufferSize: 0
03:16:06.871 [main] DEBUG io.netty.buffer.ByteBufUtil -- -Dio.netty.maxThreadLocalCharBufferSize: 16384
03:16:06.873 [main] DEBUG io.netty.bootstrap.ChannelInitializerExtensions -- -Dio.netty.bootstrap.extensions: null
03:16:06.891 [DefaultDispatcher-worker-1] INFO Application -- Responding at http://0.0.0.0:8080
